
Memory Configuration

Name             Origin             Length             Attributes
RAM              0x0000000080000000 0x0000000000000800 xrw
*default*        0x0000000000000000 0xffffffffffffffff

Linker script and memory map

LOAD build/src/main.o
LOAD build/src/crt.o
LOAD /opt/riscv/bin/../lib/gcc/riscv64-unknown-elf/8.3.0/rv32i/ilp32/libgcc.a
                0x0000000000000100                _stack_size = DEFINED (_stack_size)?_stack_size:0x100
                0x0000000000000000                _heap_size = DEFINED (_heap_size)?_heap_size:0x0

._vector        0x0000000080000000      0x134
 *crt.o(.start_jump)
 .start_jump    0x0000000080000000       0x10 build/src/crt.o
                0x0000000080000000                crtStart
 *crt.o(.text)
 *fill*         0x0000000080000010       0x10 
 .text          0x0000000080000020      0x114 build/src/crt.o
                0x0000000080000020                trap_entry

._user_heap     0x0000000080000134        0x4
                0x0000000080000138                . = ALIGN (0x8)
 *fill*         0x0000000080000134        0x4 
                [!provide]                        PROVIDE (end = .)
                [!provide]                        PROVIDE (_end = .)
                [!provide]                        PROVIDE (_heap_start = .)
                0x0000000080000138                . = (. + _heap_size)
                0x0000000080000138                . = ALIGN (0x8)
                [!provide]                        PROVIDE (_heap_end = .)

._stack         0x0000000080000138      0x108
                0x0000000080000140                . = ALIGN (0x10)
 *fill*         0x0000000080000138        0x8 
                [!provide]                        PROVIDE (_stack_end = .)
                0x0000000080000240                . = (. + _stack_size)
 *fill*         0x0000000080000140      0x100 
                0x0000000080000240                . = ALIGN (0x10)
                0x0000000080000240                PROVIDE (_stack_start = .)

.data           0x0000000080000240       0x50
 *(.rdata)
 *(.rodata .rodata.*)
 .rodata.str1.4
                0x0000000080000240       0x4c build/src/main.o
 *(.gnu.linkonce.r.*)
 *(.data .data.*)
 .data          0x000000008000028c        0x0 build/src/main.o
 .data          0x000000008000028c        0x0 build/src/crt.o
 *(.gnu.linkonce.d.*)
                0x0000000080000290                . = ALIGN (0x8)
 *fill*         0x000000008000028c        0x4 
                0x0000000080000a90                PROVIDE (__global_pointer$ = (. + 0x800))
 *(.sdata .sdata.*)
 *(.gnu.linkonce.s.*)
                0x0000000080000290                . = ALIGN (0x8)
 *(.srodata.cst16)
 *(.srodata.cst8)
 *(.srodata.cst4)
 *(.srodata.cst2)
 *(.srodata .srodata.*)

.bss            0x0000000080000290        0x0
                0x0000000080000290                . = ALIGN (0x4)
                0x0000000080000290                _bss_start = .
 *(.sbss*)
 *(.gnu.linkonce.sb.*)
 *(.bss .bss.*)
 .bss           0x0000000080000290        0x0 build/src/main.o
 .bss           0x0000000080000290        0x0 build/src/crt.o
 *(.gnu.linkonce.b.*)
 *(COMMON)
                0x0000000080000290                . = ALIGN (0x4)
                0x0000000080000290                _bss_end = .

.rodata
 *(.rdata)
 *(.rodata .rodata.*)
 *(.gnu.linkonce.r.*)

.noinit         0x0000000080000290        0x0
                0x0000000080000290                . = ALIGN (0x4)
 *(.noinit .noinit.*)
                0x0000000080000290                . = ALIGN (0x4)

.memory         0x0000000080000290       0x80
 *(.text)
 .text          0x0000000080000290       0x80 build/src/main.o
                0x0000000080000290                print
                0x00000000800002bc                println
                0x00000000800002f0                delay
                0x000000008000030c                irqCallback
                0x0000000080000310                end = .

.text.startup   0x0000000080000310       0xdc
 .text.startup  0x0000000080000310       0xdc build/src/main.o
                0x0000000080000310                main

.rela.dyn       0x00000000800003ec        0x0
 .rela.text     0x00000000800003ec        0x0 build/src/main.o

.ctors          0x00000000800003ec        0x0
                0x00000000800003ec                . = ALIGN (0x4)
                0x00000000800003ec                _ctors_start = .
 *(.init_array*)
 *(SORT_BY_NAME(.ctors.*))
 *(.ctors)
                0x00000000800003ec                . = ALIGN (0x4)
                0x00000000800003ec                _ctors_end = .
                [!provide]                        PROVIDE (END_OF_SW_IMAGE = .)
OUTPUT(build/hello_world.elf elf32-littleriscv)

.debug_info     0x0000000000000000      0x45c
 .debug_info    0x0000000000000000      0x43a build/src/main.o
 .debug_info    0x000000000000043a       0x22 build/src/crt.o

.debug_abbrev   0x0000000000000000      0x232
 .debug_abbrev  0x0000000000000000      0x220 build/src/main.o
 .debug_abbrev  0x0000000000000220       0x12 build/src/crt.o

.debug_loc      0x0000000000000000      0x170
 .debug_loc     0x0000000000000000      0x170 build/src/main.o

.debug_aranges  0x0000000000000000       0x50
 .debug_aranges
                0x0000000000000000       0x28 build/src/main.o
 .debug_aranges
                0x0000000000000028       0x28 build/src/crt.o

.debug_ranges   0x0000000000000000       0xe8
 .debug_ranges  0x0000000000000000       0xc8 build/src/main.o
 .debug_ranges  0x00000000000000c8       0x20 build/src/crt.o

.debug_line     0x0000000000000000      0x5b6
 .debug_line    0x0000000000000000      0x3f4 build/src/main.o
 .debug_line    0x00000000000003f4      0x1c2 build/src/crt.o

.debug_str      0x0000000000000000      0x1c9
 .debug_str     0x0000000000000000      0x1b3 build/src/main.o
                                        0x1fb (size before relaxing)
 .debug_str     0x00000000000001b3       0x16 build/src/crt.o
                                         0x46 (size before relaxing)

.comment        0x0000000000000000       0x28
 .comment       0x0000000000000000       0x28 build/src/main.o
                                         0x29 (size before relaxing)

.riscv.attributes
                0x0000000000000000       0x1c
 .riscv.attributes
                0x0000000000000000       0x1c build/src/main.o
 .riscv.attributes
                0x000000000000001c       0x1a build/src/crt.o

.debug_frame    0x0000000000000000       0x80
 .debug_frame   0x0000000000000000       0x80 build/src/main.o
